QObject::moveToThread: Current thread (0x159d5700) is not the object's thread (0x160392a0).
Cannot move to target thread (0x159d5700)

qt.qpa.plugin: Could not load the Qt platform plugin "xcb" in "/usr/local/lib/python3.11/dist-packages/cv2/qt/plugins" even though it was found.
This application failed to start because no Qt platform plugin could be initialized. Reinstalling the application may fix this problem.

Available platform plugins are: xcb, eglfs, linuxfb, minimal, minimalegl, offscreen, vnc, wayland-egl, wayland, wayland-xcomposite-egl, wayland-xcomposite-glx.


Process ended with exit code -6.

solutions

sudo pip uninstall opencv-python
sudo pip install opencv-python==4.1.2.30
or

pip install -i https://pypi.tuna.tsinghua.edu.cn/sample pyqt5
sudo pip uninstall opencv-python
sudo apt-get install libopencv-dev python-opencv
sudo apt-get install libqt5x11extras5
sudo apt-get remove libqt5x11extras5
